

================================================================
== Vivado HLS Report for 'l2_trigger'
================================================================
* Date:           Wed Apr 18 12:41:28 2018

* Version:        2016.2 (Build 1577090 on Thu Jun 02 16:59:10 MDT 2016)
* Project:        l2_trigger
* Solution:       solution1
* Product family: zynq
* Target device:  xc7z030ffg676-2


================================================================
== Performance Estimates
================================================================
+ Timing (ns): 
    * Summary: 
    +--------+-------+----------+------------+
    |  Clock | Target| Estimated| Uncertainty|
    +--------+-------+----------+------------+
    |ap_clk  |  10.00|      7.65|        1.25|
    +--------+-------+----------+------------+

+ Latency (clock cycles): 
    * Summary: 
    +-----+-----+-----+-----+---------+
    |  Latency  |  Interval | Pipeline|
    | min | max | min | max |   Type  |
    +-----+-----+-----+-----+---------+
    |    ?|    ?|    ?|    ?|   none  |
    +-----+-----+-----+-----+---------+

    + Detail: 
        * Instance: 
        N/A

        * Loop: 
        +---------------------+-----+----------+----------------+-----------+-----------+-----------+----------+
        |                     |     Latency    |    Iteration   |  Initiation Interval  |    Trip   |          |
        |      Loop Name      | min |    max   |     Latency    |  achieved |   target  |   Count   | Pipelined|
        +---------------------+-----+----------+----------------+-----------+-----------+-----------+----------+
        |- Loop 1             |    0|     32767|               1|          -|          -| 0 ~ 32767 |    no    |
        |- Loop 2             |   16|    262152|    2 ~ 32769   |          -|          -|          8|    no    |
        | + Loop 2.1          |    0|     32767|               1|          -|          -| 0 ~ 32767 |    no    |
        |- Loop 3             |    ?|         ?| 260 ~ 88274558 |          -|          -|          ?|    no    |
        | + Loop 3.1          |    0|     32767|               1|          -|          -| 0 ~ 32767 |    no    |
        | + Loop 3.2          |  256|  88077952|   2 ~ 688109   |          -|          -|        128|    no    |
        |  ++ Loop 3.2.1      |    0|    688107|     20 ~ 21    |          -|          -| 0 ~ 32767 |    no    |
        |   +++ Loop 3.2.1.1  |   14|        14|               2|          -|          -|          7|    no    |
        | + Loop 3.3          |    0|    163835|               5|          -|          -| 0 ~ 32767 |    no    |
        +---------------------+-----+----------+----------------+-----------+-----------+-----------+----------+



================================================================
== Utilization Estimates
================================================================
* Summary: 
+-----------------+---------+-------+--------+-------+
|       Name      | BRAM_18K| DSP48E|   FF   |  LUT  |
+-----------------+---------+-------+--------+-------+
|DSP              |        -|      -|       -|      -|
|Expression       |        -|      4|       0|    477|
|FIFO             |        -|      -|       -|      -|
|Instance         |        0|      -|     110|    152|
|Memory           |       58|      -|       0|      0|
|Multiplexer      |        -|      -|       -|    624|
|Register         |        -|      -|     668|      -|
+-----------------+---------+-------+--------+-------+
|Total            |       58|      4|     778|   1253|
+-----------------+---------+-------+--------+-------+
|Available        |      530|    400|  157200|  78600|
+-----------------+---------+-------+--------+-------+
|Utilization (%)  |       10|      1|   ~0   |      1|
+-----------------+---------+-------+--------+-------+

+ Detail: 
    * Instance: 
    +-----------------------------+---------------------------+---------+-------+-----+-----+
    |           Instance          |           Module          | BRAM_18K| DSP48E|  FF | LUT |
    +-----------------------------+---------------------------+---------+-------+-----+-----+
    |l2_trigger_CTRL_BUS_s_axi_U  |l2_trigger_CTRL_BUS_s_axi  |        0|      0|  110|  152|
    +-----------------------------+---------------------------+---------+-------+-----+-----+
    |Total                        |                           |        0|      0|  110|  152|
    +-----------------------------+---------------------------+---------+-------+-----+-----+

    * DSP48: 
    N/A

    * Memory: 
    +---------------+------------------------+---------+---+----+------+-----+------+-------------+
    |     Memory    |         Module         | BRAM_18K| FF| LUT| Words| Bits| Banks| W*Bits*Banks|
    +---------------+------------------------+---------+---+----+------+-----+------+-------------+
    |data_shift1_U  |l2_trigger_data_shift1  |       17|  0|   0|  9216|   17|     1|       156672|
    |data_shift2_U  |l2_trigger_data_shift1  |       17|  0|   0|  9216|   17|     1|       156672|
    |sum_overP1_U   |l2_trigger_sum_overP1   |        4|  0|   0|  1152|   32|     1|        36864|
    |sum_overP2_U   |l2_trigger_sum_overP1   |        4|  0|   0|  1152|   32|     1|        36864|
    |sum_pix1_U     |l2_trigger_sum_overP1   |        4|  0|   0|  1152|   32|     1|        36864|
    |thresh1_U      |l2_trigger_sum_overP1   |        4|  0|   0|  1152|   32|     1|        36864|
    |sum_pix2_U     |l2_trigger_sum_overP1   |        4|  0|   0|  1152|   32|     1|        36864|
    |thresh2_U      |l2_trigger_sum_overP1   |        4|  0|   0|  1152|   32|     1|        36864|
    +---------------+------------------------+---------+---+----+------+-----+------+-------------+
    |Total          |                        |       58|  0|   0| 25344|  226|     8|       534528|
    +---------------+------------------------+---------+---+----+------+-----+------+-------------+

    * FIFO: 
    N/A

    * Expression: 
    +-------------------------+----------+-------+---+----+------------+------------+
    |      Variable Name      | Operation| DSP48E| FF| LUT| Bitwidth P0| Bitwidth P1|
    +-------------------------+----------+-------+---+----+------------+------------+
    |tmp_12_fu_1132_p2        |     *    |      2|  0|   1|          28|           8|
    |tmp_13_fu_1137_p2        |     *    |      2|  0|   1|          28|           8|
    |i_5_fu_681_p2            |     +    |      0|  0|  15|          15|           1|
    |i_6_fu_742_p2            |     +    |      0|  0|  15|          15|           1|
    |i_7_fu_764_p2            |     +    |      0|  0|  15|          15|           1|
    |i_8_fu_1067_p2           |     +    |      0|  0|  15|          15|           1|
    |i_9_fu_793_p2            |     +    |      0|  0|  15|          15|           1|
    |kk_2_fu_701_p2           |     +    |      0|  0|   4|           4|           1|
    |kk_3_fu_973_p2           |     +    |      0|  0|   4|           4|           2|
    |tmp_18_fu_827_p2         |     +    |      0|  0|  32|          32|          32|
    |tmp_20_fu_838_p2         |     +    |      0|  0|  32|          32|          32|
    |tmp_23_fu_979_p2         |     +    |      0|  0|  32|          32|          32|
    |tmp_24_fu_985_p2         |     +    |      0|  0|  32|          32|          32|
    |tmp_27_fu_907_p2         |     +    |      0|  0|   4|           4|           1|
    |tmp_29_fu_959_p2         |     +    |      0|  0|  32|          32|          32|
    |tmp_30_fu_966_p2         |     +    |      0|  0|  32|          32|          32|
    |tmp_31_fu_877_p2         |     +    |      0|  0|   7|          15|          15|
    |tmp_32_fu_883_p2         |     +    |      0|  0|   7|          15|          15|
    |tmp_3_fu_731_p2          |     +    |      0|  0|  15|          15|          15|
    |tmp_41_fu_937_p2         |     +    |      0|  0|   7|          15|          15|
    |tmp_42_fu_943_p2         |     +    |      0|  0|   7|          15|          15|
    |tmp_5_fu_782_p2          |     +    |      0|  0|   8|           8|           1|
    |tmp_8_fu_748_p2          |     +    |      0|  0|  15|          15|          15|
    |or_cond_fu_1002_p2       |    and   |      0|  0|   1|           1|           1|
    |tmp_nbreadreq_fu_238_p9  |    and   |      0|  0|   1|           1|           0|
    |exitcond1_fu_695_p2      |   icmp   |      0|  0|   2|           4|           5|
    |exitcond2_fu_676_p2      |   icmp   |      0|  0|   6|          15|          15|
    |exitcond6_fu_1062_p2     |   icmp   |      0|  0|   6|          15|          15|
    |exitcond7_fu_788_p2      |   icmp   |      0|  0|   6|          15|          15|
    |exitcond8_fu_759_p2      |   icmp   |      0|  0|   6|          15|          15|
    |exitcond9_fu_737_p2      |   icmp   |      0|  0|   6|          15|          15|
    |exitcond_fu_776_p2       |   icmp   |      0|  0|   3|           8|           9|
    |grp_fu_656_p2            |   icmp   |      0|  0|  11|          32|           1|
    |tmp_14_fu_1142_p2        |   icmp   |      0|  0|  11|          32|          32|
    |tmp_21_fu_1146_p2        |   icmp   |      0|  0|  11|          32|          32|
    |tmp_25_fu_991_p2         |   icmp   |      0|  0|  11|          32|          32|
    |tmp_35_fu_997_p2         |   icmp   |      0|  0|  11|          32|          32|
    |ult_fu_1040_p2           |   icmp   |      0|  0|  11|          32|          32|
    |brmerge_fu_1056_p2       |    or    |      0|  0|   1|           1|           1|
    |tmp_38_fu_1029_p2        |    or    |      0|  0|  20|          16|           1|
    |rev_fu_1045_p2           |    xor   |      0|  0|   2|           1|           2|
    |tmp_34_not_fu_1051_p2    |    xor   |      0|  0|   2|           1|           2|
    +-------------------------+----------+-------+---+----+------------+------------+
    |Total                    |          |      4|  0| 477|         733|         565|
    +-------------------------+----------+-------+---+----+------------+------------+

    * Multiplexer: 
    +----------------------------------+----+-----------+-----+-----------+
    |               Name               | LUT| Input Size| Bits| Total Bits|
    +----------------------------------+----+-----------+-----+-----------+
    |ap_NS_fsm                         |  18|         22|    1|         22|
    |ap_sig_ioackin_out_stream_TREADY  |   1|          2|    1|          2|
    |data_shift1_address0              |  14|          5|   14|         70|
    |data_shift1_d0                    |  17|          4|   17|         68|
    |data_shift2_address0              |  14|          5|   14|         70|
    |data_shift2_d0                    |  17|          4|   17|         68|
    |double_trig                       |  32|          3|   32|         96|
    |i_1_reg_544                       |  15|          2|   15|         30|
    |i_2_reg_555                       |  15|          2|   15|         30|
    |i_3_reg_589                       |  15|          2|   15|         30|
    |i_4_reg_645                       |  15|          2|   15|         30|
    |i_reg_522                         |  15|          2|   15|         30|
    |in_stream_TDATA_blk_n             |   1|          2|    1|          2|
    |itrig_1_reg_601                   |  32|          2|   32|         64|
    |itrig_5_reg_625                   |  32|          2|   32|         64|
    |itrig_reg_577                     |  32|          2|   32|         64|
    |k_reg_566                         |   8|          2|    8|         16|
    |kk_1_reg_613                      |   4|          2|    4|          8|
    |kk_reg_533                        |   4|          2|    4|          8|
    |out_stream_TDATA_blk_n            |   1|          2|    1|          2|
    |sum_overP1_address0               |  11|          3|   11|         33|
    |sum_overP1_d0                     |  32|          4|   32|        128|
    |sum_overP2_address0               |  11|          3|   11|         33|
    |sum_overP2_d0                     |  32|          4|   32|        128|
    |sum_pix1_address0                 |  11|          6|   11|         66|
    |sum_pix1_d0                       |  32|          3|   32|         96|
    |sum_pix2_address0                 |  11|          6|   11|         66|
    |sum_pix2_d0                       |  32|          3|   32|         96|
    |thresh1_address0                  |  11|          5|   11|         55|
    |thresh1_d0                        |  32|          4|   32|        128|
    |thresh2_address0                  |  11|          4|   11|         44|
    |thresh2_d0                        |  32|          4|   32|        128|
    |trig_data                         |  32|          3|   32|         96|
    |trig_pixel                        |  32|          4|   32|        128|
    +----------------------------------+----+-----------+-----+-----------+
    |Total                             | 624|        127|  607|       1999|
    +----------------------------------+----+-----------+-----+-----------+

    * Register: 
    +----------------------------------+----+----+-----+-----------+
    |               Name               | FF | LUT| Bits| Const Bits|
    +----------------------------------+----+----+-----+-----------+
    |LOW_THRESH_read_reg_1150          |  32|   0|   32|          0|
    |ap_CS_fsm                         |  21|   0|   21|          0|
    |ap_reg_ioackin_out_stream_TREADY  |   1|   0|    1|          0|
    |data_shift1_addr_1_reg_1250       |  14|   0|   14|          0|
    |data_shift2_addr_1_reg_1255       |  14|   0|   14|          0|
    |i_1_reg_544                       |  15|   0|   15|          0|
    |i_2_reg_555                       |  15|   0|   15|          0|
    |i_3_reg_589                       |  15|   0|   15|          0|
    |i_4_reg_645                       |  15|   0|   15|          0|
    |i_8_reg_1347                      |  15|   0|   15|          0|
    |i_9_reg_1224                      |  15|   0|   15|          0|
    |i_reg_522                         |  15|   0|   15|          0|
    |itrig_1_reg_601                   |  32|   0|   32|          0|
    |itrig_5_reg_625                   |  32|   0|   32|          0|
    |itrig_reg_577                     |  32|   0|   32|          0|
    |k_reg_566                         |   8|   0|    8|          0|
    |kk_1_reg_613                      |   4|   0|    4|          0|
    |kk_2_reg_1184                     |   4|   0|    4|          0|
    |kk_reg_533                        |   4|   0|    4|          0|
    |or_cond_reg_1332                  |   1|   0|    1|          0|
    |phitmp_reg_1265                   |  16|   0|   16|          0|
    |sum_overP1_addr_reg_1280          |  11|   0|   11|          0|
    |sum_overP2_addr_reg_1285          |  11|   0|   11|          0|
    |sum_pix1_addr_3_reg_1240          |  11|   0|   11|          0|
    |sum_pix2_addr_3_reg_1245          |  11|   0|   11|          0|
    |thresh1_addr_1_reg_1362           |  11|   0|   11|          0|
    |thresh2_addr_1_reg_1367           |  11|   0|   11|          0|
    |tmp_10_reg_1372                   |  25|   0|   25|          0|
    |tmp_11_reg_1377                   |  25|   0|   25|          0|
    |tmp_12_reg_1382                   |  32|   0|   32|          0|
    |tmp_13_reg_1388                   |  32|   0|   32|          0|
    |tmp_14_reg_1394                   |   1|   0|    1|          0|
    |tmp_15_reg_1229                   |  15|   0|   64|         49|
    |tmp_16_reg_1260                   |  16|   0|   16|          0|
    |tmp_17_reg_1270                   |  32|   0|   32|          0|
    |tmp_19_reg_1275                   |  32|   0|   32|          0|
    |tmp_1_reg_1158                    |   8|   0|   32|         24|
    |tmp_23_reg_1313                   |  32|   0|   32|          0|
    |tmp_25_reg_1319                   |   1|   0|    1|          0|
    |tmp_2_reg_1164                    |  15|   0|   15|          0|
    |tmp_3_reg_1189                    |   8|   0|   15|          7|
    |tmp_5_reg_1216                    |   8|   0|    8|          0|
    +----------------------------------+----+----+-----+-----------+
    |Total                             | 668|   0|  748|         80|
    +----------------------------------+----+----+-----+-----------+



================================================================
== Interface
================================================================
* Summary: 
+------------------------+-----+-----+------------+---------------------+--------------+
|        RTL Ports       | Dir | Bits|  Protocol  |    Source Object    |    C Type    |
+------------------------+-----+-----+------------+---------------------+--------------+
|s_axi_CTRL_BUS_AWVALID  |  in |    1|    s_axi   |       CTRL_BUS      |    scalar    |
|s_axi_CTRL_BUS_AWREADY  | out |    1|    s_axi   |       CTRL_BUS      |    scalar    |
|s_axi_CTRL_BUS_AWADDR   |  in |    6|    s_axi   |       CTRL_BUS      |    scalar    |
|s_axi_CTRL_BUS_WVALID   |  in |    1|    s_axi   |       CTRL_BUS      |    scalar    |
|s_axi_CTRL_BUS_WREADY   | out |    1|    s_axi   |       CTRL_BUS      |    scalar    |
|s_axi_CTRL_BUS_WDATA    |  in |   32|    s_axi   |       CTRL_BUS      |    scalar    |
|s_axi_CTRL_BUS_WSTRB    |  in |    4|    s_axi   |       CTRL_BUS      |    scalar    |
|s_axi_CTRL_BUS_ARVALID  |  in |    1|    s_axi   |       CTRL_BUS      |    scalar    |
|s_axi_CTRL_BUS_ARREADY  | out |    1|    s_axi   |       CTRL_BUS      |    scalar    |
|s_axi_CTRL_BUS_ARADDR   |  in |    6|    s_axi   |       CTRL_BUS      |    scalar    |
|s_axi_CTRL_BUS_RVALID   | out |    1|    s_axi   |       CTRL_BUS      |    scalar    |
|s_axi_CTRL_BUS_RREADY   |  in |    1|    s_axi   |       CTRL_BUS      |    scalar    |
|s_axi_CTRL_BUS_RDATA    | out |   32|    s_axi   |       CTRL_BUS      |    scalar    |
|s_axi_CTRL_BUS_RRESP    | out |    2|    s_axi   |       CTRL_BUS      |    scalar    |
|s_axi_CTRL_BUS_BVALID   | out |    1|    s_axi   |       CTRL_BUS      |    scalar    |
|s_axi_CTRL_BUS_BREADY   |  in |    1|    s_axi   |       CTRL_BUS      |    scalar    |
|s_axi_CTRL_BUS_BRESP    | out |    2|    s_axi   |       CTRL_BUS      |    scalar    |
|ap_clk                  |  in |    1| ap_ctrl_hs |      l2_trigger     | return value |
|ap_rst_n                |  in |    1| ap_ctrl_hs |      l2_trigger     | return value |
|interrupt               | out |    1| ap_ctrl_hs |      l2_trigger     | return value |
|in_stream_TDATA         |  in |   32|    axis    |  in_stream_V_data_V |    pointer   |
|in_stream_TVALID        |  in |    1|    axis    |  in_stream_V_dest_V |    pointer   |
|in_stream_TREADY        | out |    1|    axis    |  in_stream_V_dest_V |    pointer   |
|in_stream_TDEST         |  in |    6|    axis    |  in_stream_V_dest_V |    pointer   |
|in_stream_TKEEP         |  in |    4|    axis    |  in_stream_V_keep_V |    pointer   |
|in_stream_TSTRB         |  in |    4|    axis    |  in_stream_V_strb_V |    pointer   |
|in_stream_TUSER         |  in |    2|    axis    |  in_stream_V_user_V |    pointer   |
|in_stream_TLAST         |  in |    1|    axis    |  in_stream_V_last_V |    pointer   |
|in_stream_TID           |  in |    5|    axis    |   in_stream_V_id_V  |    pointer   |
|out_stream_TDATA        | out |   64|    axis    | out_stream_V_data_V |    pointer   |
|out_stream_TVALID       | out |    1|    axis    | out_stream_V_dest_V |    pointer   |
|out_stream_TREADY       |  in |    1|    axis    | out_stream_V_dest_V |    pointer   |
|out_stream_TDEST        | out |    6|    axis    | out_stream_V_dest_V |    pointer   |
|out_stream_TKEEP        | out |    8|    axis    | out_stream_V_keep_V |    pointer   |
|out_stream_TSTRB        | out |    8|    axis    | out_stream_V_strb_V |    pointer   |
|out_stream_TUSER        | out |    2|    axis    | out_stream_V_user_V |    pointer   |
|out_stream_TLAST        | out |    1|    axis    | out_stream_V_last_V |    pointer   |
|out_stream_TID          | out |    5|    axis    |  out_stream_V_id_V  |    pointer   |
|double_trig             | out |   32|   ap_ovld  |     double_trig     |    pointer   |
|double_trig_ap_vld      | out |    1|   ap_ovld  |     double_trig     |    pointer   |
|trig_data               | out |   32|   ap_ovld  |      trig_data      |    pointer   |
|trig_data_ap_vld        | out |    1|   ap_ovld  |      trig_data      |    pointer   |
|trig_pixel              | out |   32|   ap_ovld  |      trig_pixel     |    pointer   |
|trig_pixel_ap_vld       | out |    1|   ap_ovld  |      trig_pixel     |    pointer   |
+------------------------+-----+-----+------------+---------------------+--------------+

